     1                                  SECTION .data 
     2                                  
     3 00000000 456174206174204A6F-     EatMsg: db "Eat at Joe's!'", 10
     4 00000009 65277321270A       
     5                                  EatLen: equ $-EatMsg 
     6                                  
     7                                  SECTION .bss 
     8                                  
     9                                  SECTION .text 
    10                                  
    11                                  global _start 
    12                                  
    13                                  _start:
    14 00000000 90                      	nop
    15 00000001 B804000000              	mov eax, 4
    16 00000006 BB01000000              	mov ebx, 1
    17 0000000B B9[00000000]            	mov ecx, EatMsg 
    18 00000010 BA0F000000              	mov edx, EatLen 
    19 00000015 CD80                    	int 80H 
    20 00000017 B801000000              	mov eax, 1 
    21 0000001C BB00000000              	mov ebx, 0
    22 00000021 CD80                    	int 80H
