     1                                  section .bss 
     2 00000000 <res 00000001>          	Buff resb 1
     3                                  
     4                                  section .data 
     5                                  
     6                                  section .text 
     7                                  	global _start
     8                                  
     9                                  _start:
    10 00000000 90                      	nop
    11                                  
    12                                  Read:
    13 00000001 B803000000              	mov eax, 3
    14 00000006 BB00000000              	mov ebx, 0,
    15 0000000B B9[00000000]            	mov ecx, Buff 
    16 00000010 BA01000000              	mov edx, 1
    17 00000015 CD80                    	int 80h 
    18 00000017 83F800                  	cmp eax, 0
    19 0000001A 7431                    	je Exit 
    20                                  
    21 0000001C 803D[00000000]61        	cmp byte [Buff], 61h; 'a'
    22 00000023 7210                    	jb Write 
    23                                  	
    24 00000025 803D[00000000]7A        	cmp byte [Buff], 7ah; 'z'
    25 0000002C 7707                    	ja Write 
    26                                  
    27 0000002E 802D[00000000]20        	sub byte [Buff], 20h; lower-case to upper-case
    28                                  
    29                                  Write:
    30 00000035 B804000000              	mov eax, 4 
    31 0000003A BB01000000              	mov ebx, 1
    32 0000003F B9[00000000]            	mov ecx, Buff 
    33 00000044 BA01000000              	mov edx, 1
    34 00000049 CD80                    	int 80h
    35 0000004B EBB4                    	jmp Read 
    36                                  
    37                                  Exit:
    38 0000004D B801000000              	mov eax, 1
    39 00000052 BB00000000              	mov ebx, 0
    40 00000057 CD80                    	int 80h
    41                                  	
